2.5.2026 01:34:54-log: Cannot access game frame or container.
2.5.2026 01:34:54-debug: asset-db:require-engine-code (400ms)
2.5.2026 01:34:54-log: meshopt wasm decoder initialized
2.5.2026 01:34:54-log: [bullet]:bullet wasm lib loaded.
2.5.2026 01:34:54-log: [box2d]:box2d wasm lib loaded.
2.5.2026 01:34:54-log: Forward render pipeline initialized.
2.5.2026 01:34:54-log: Using legacy pipeline
2.5.2026 01:34:54-log: Cocos Creator v3.8.8
2.5.2026 01:34:54-debug: [Assets Memory track]: asset-db:worker-init: initEngine start:27.78MB, end 79.16MB, increase: 51.37MB
2.5.2026 01:34:55-debug: [Assets Memory track]: asset-db:worker-init: initPlugin start:79.21MB, end 340.59MB, increase: 261.37MB
2.5.2026 01:34:55-debug: run package(fb-instant-games) handler(enable) start
2.5.2026 01:34:55-debug: run package(fb-instant-games) handler(enable) success!
2.5.2026 01:34:55-debug: run package(google-play) handler(enable) start
2.5.2026 01:34:55-debug: run package(harmonyos-next) handler(enable) start
2.5.2026 01:34:55-debug: run package(harmonyos-next) handler(enable) success!
2.5.2026 01:34:55-debug: run package(honor-mini-game) handler(enable) success!
2.5.2026 01:34:55-debug: run package(google-play) handler(enable) success!
2.5.2026 01:34:55-debug: run package(honor-mini-game) handler(enable) start
2.5.2026 01:34:55-debug: run package(huawei-agc) handler(enable) success!
2.5.2026 01:34:55-debug: run package(huawei-quick-game) handler(enable) start
2.5.2026 01:34:55-debug: run package(huawei-quick-game) handler(enable) success!
2.5.2026 01:34:55-debug: run package(ios) handler(enable) start
2.5.2026 01:34:55-debug: run package(huawei-agc) handler(enable) start
2.5.2026 01:34:55-debug: run package(linux) handler(enable) start
2.5.2026 01:34:55-debug: run package(linux) handler(enable) success!
2.5.2026 01:34:55-debug: run package(ios) handler(enable) success!
2.5.2026 01:34:55-debug: run package(mac) handler(enable) success!
2.5.2026 01:34:55-debug: run package(migu-mini-game) handler(enable) start
2.5.2026 01:34:55-debug: run package(migu-mini-game) handler(enable) success!
2.5.2026 01:34:55-debug: run package(mac) handler(enable) start
2.5.2026 01:34:55-debug: run package(native) handler(enable) start
2.5.2026 01:34:55-debug: run package(native) handler(enable) success!
2.5.2026 01:34:55-debug: run package(oppo-mini-game) handler(enable) start
2.5.2026 01:34:55-debug: run package(ohos) handler(enable) success!
2.5.2026 01:34:55-debug: run package(oppo-mini-game) handler(enable) success!
2.5.2026 01:34:55-debug: run package(runtime-dev-tools) handler(enable) success!
2.5.2026 01:34:55-debug: run package(runtime-dev-tools) handler(enable) start
2.5.2026 01:34:55-debug: run package(taobao-mini-game) handler(enable) success!
2.5.2026 01:34:55-debug: run package(ohos) handler(enable) start
2.5.2026 01:34:55-debug: run package(taobao-mini-game) handler(enable) start
2.5.2026 01:34:55-debug: run package(vivo-mini-game) handler(enable) success!
2.5.2026 01:34:55-debug: run package(web-desktop) handler(enable) start
2.5.2026 01:34:55-debug: run package(vivo-mini-game) handler(enable) start
2.5.2026 01:34:55-debug: run package(web-mobile) handler(enable) success!
2.5.2026 01:34:55-debug: run package(web-desktop) handler(enable) success!
2.5.2026 01:34:55-debug: run package(wechatgame) handler(enable) start
2.5.2026 01:34:55-debug: run package(wechatgame) handler(enable) success!
2.5.2026 01:34:55-debug: run package(wechatprogram) handler(enable) success!
2.5.2026 01:34:55-debug: run package(web-mobile) handler(enable) start
2.5.2026 01:34:55-debug: run package(wechatprogram) handler(enable) start
2.5.2026 01:34:55-debug: run package(xiaomi-quick-game) handler(enable) start
2.5.2026 01:34:55-debug: run package(windows) handler(enable) success!
2.5.2026 01:34:55-debug: run package(xiaomi-quick-game) handler(enable) success!
2.5.2026 01:34:55-debug: run package(windows) handler(enable) start
2.5.2026 01:34:55-debug: run package(cocos-service) handler(enable) start
2.5.2026 01:34:55-debug: run package(im-plugin) handler(enable) success!
2.5.2026 01:34:55-debug: run package(cocos-service) handler(enable) success!
2.5.2026 01:34:55-debug: run package(placeholder) handler(enable) success!
2.5.2026 01:34:55-debug: run package(im-plugin) handler(enable) start
2.5.2026 01:34:55-debug: run package(placeholder) handler(enable) start
2.5.2026 01:34:55-debug: asset-db:worker-init: initPlugin (1163ms)
2.5.2026 01:34:55-debug: [Assets Memory track]: asset-db:worker-init start:27.78MB, end 343.27MB, increase: 315.49MB
2.5.2026 01:34:55-debug: Run asset db hook programming:beforePreStart ...
2.5.2026 01:34:55-debug: Run asset db hook programming:beforePreStart success!
2.5.2026 01:34:55-debug: Run asset db hook engine-extends:beforePreStart success!
2.5.2026 01:34:55-debug: Run asset db hook engine-extends:beforePreStart ...
2.5.2026 01:34:56-debug: asset-db:worker-init (1760ms)
2.5.2026 01:34:56-debug: asset-db-hook-programming-beforePreStart (114ms)
2.5.2026 01:34:56-debug: asset-db-hook-engine-extends-beforePreStart (113ms)
2.5.2026 01:34:56-debug: Preimport db internal success
2.5.2026 01:34:56-debug: Run asset db hook programming:afterPreStart ...
2.5.2026 01:34:56-debug: Preimport db assets success
2.5.2026 01:34:56-debug: starting packer-driver...
2.5.2026 01:34:56-debug: initialize scripting environment...
2.5.2026 01:34:56-debug: [[Executor]] prepare before lock
2.5.2026 01:34:56-debug: Set detail map pack:///resolution-detail-map.json: {}
2.5.2026 01:34:56-debug: [[Executor]] prepare after unlock
2.5.2026 01:34:56-debug: Run asset db hook programming:afterPreStart success!
2.5.2026 01:34:56-debug: Run asset db hook engine-extends:afterPreStart success!
2.5.2026 01:34:56-debug: Start up the 'internal' database...
2.5.2026 01:34:56-debug: Run asset db hook engine-extends:afterPreStart ...
2.5.2026 01:34:56-debug: asset-db-hook-programming-afterPreStart (532ms)
2.5.2026 01:34:56-debug: asset-db:worker-effect-data-processing (225ms)
2.5.2026 01:34:56-debug: asset-db-hook-engine-extends-afterPreStart (226ms)
2.5.2026 01:34:56-debug: Run asset db hook engine-extends:afterStartDB ...
2.5.2026 01:34:56-debug: recompile effect.bin success
2.5.2026 01:34:56-debug: Run asset db hook engine-extends:afterStartDB success!
2.5.2026 01:34:56-debug: Start up the 'assets' database...
2.5.2026 01:34:56-debug: asset-db:worker-effect-data-processing (226ms)
2.5.2026 01:34:56-debug: asset-db-hook-engine-extends-afterStartDB (226ms)
2.5.2026 01:34:56-debug: Run asset db hook engine-extends:afterStartDB ...
2.5.2026 01:34:57-debug: recompile effect.bin success
2.5.2026 01:34:57-debug: Run asset db hook engine-extends:afterStartDB success!
2.5.2026 01:34:57-debug: lazy register asset handler *
2.5.2026 01:34:57-debug: lazy register asset handler directory
2.5.2026 01:34:57-debug: [Assets Memory track]: asset-db:worker-init: startup start:343.36MB, end 388.90MB, increase: 45.55MB
2.5.2026 01:34:57-debug: lazy register asset handler spine-data
2.5.2026 01:34:57-debug: lazy register asset handler text
2.5.2026 01:34:57-debug: lazy register asset handler dragonbones
2.5.2026 01:34:57-debug: lazy register asset handler dragonbones-atlas
2.5.2026 01:34:57-debug: lazy register asset handler json
2.5.2026 01:34:57-debug: lazy register asset handler terrain
2.5.2026 01:34:57-debug: lazy register asset handler javascript
2.5.2026 01:34:57-debug: lazy register asset handler scene
2.5.2026 01:34:57-debug: lazy register asset handler typescript
2.5.2026 01:34:57-debug: lazy register asset handler sprite-frame
2.5.2026 01:34:57-debug: lazy register asset handler buffer
2.5.2026 01:34:57-debug: lazy register asset handler prefab
2.5.2026 01:34:57-debug: lazy register asset handler image
2.5.2026 01:34:57-debug: lazy register asset handler sign-image
2.5.2026 01:34:57-debug: lazy register asset handler alpha-image
2.5.2026 01:34:57-debug: lazy register asset handler texture
2.5.2026 01:34:57-debug: lazy register asset handler tiled-map
2.5.2026 01:34:57-debug: lazy register asset handler erp-texture-cube
2.5.2026 01:34:57-debug: lazy register asset handler texture-cube-face
2.5.2026 01:34:57-debug: lazy register asset handler texture-cube
2.5.2026 01:34:57-debug: lazy register asset handler render-texture
2.5.2026 01:34:57-debug: lazy register asset handler rt-sprite-frame
2.5.2026 01:34:57-debug: lazy register asset handler gltf-mesh
2.5.2026 01:34:57-debug: lazy register asset handler gltf-animation
2.5.2026 01:34:57-debug: lazy register asset handler gltf-material
2.5.2026 01:34:57-debug: lazy register asset handler gltf-skeleton
2.5.2026 01:34:57-debug: lazy register asset handler gltf-embeded-image
2.5.2026 01:34:57-debug: lazy register asset handler gltf
2.5.2026 01:34:57-debug: lazy register asset handler fbx
2.5.2026 01:34:57-debug: lazy register asset handler gltf-scene
2.5.2026 01:34:57-debug: lazy register asset handler physics-material
2.5.2026 01:34:57-debug: lazy register asset handler effect-header
2.5.2026 01:34:57-debug: lazy register asset handler material
2.5.2026 01:34:57-debug: lazy register asset handler effect
2.5.2026 01:34:57-debug: lazy register asset handler animation-graph
2.5.2026 01:34:57-debug: lazy register asset handler animation-graph-variant
2.5.2026 01:34:57-debug: lazy register asset handler animation-mask
2.5.2026 01:34:57-debug: lazy register asset handler audio-clip
2.5.2026 01:34:57-debug: lazy register asset handler animation-clip
2.5.2026 01:34:57-debug: lazy register asset handler bitmap-font
2.5.2026 01:34:57-debug: lazy register asset handler ttf-font
2.5.2026 01:34:57-debug: lazy register asset handler sprite-atlas
2.5.2026 01:34:57-debug: lazy register asset handler auto-atlas
2.5.2026 01:34:57-debug: lazy register asset handler label-atlas
2.5.2026 01:34:57-debug: lazy register asset handler particle
2.5.2026 01:34:57-debug: lazy register asset handler render-pipeline
2.5.2026 01:34:57-debug: lazy register asset handler render-stage
2.5.2026 01:34:57-debug: lazy register asset handler render-flow
2.5.2026 01:34:57-debug: lazy register asset handler instantiation-material
2.5.2026 01:34:57-debug: lazy register asset handler video-clip
2.5.2026 01:34:57-debug: lazy register asset handler instantiation-animation
2.5.2026 01:34:57-debug: lazy register asset handler instantiation-skeleton
2.5.2026 01:34:57-debug: lazy register asset handler instantiation-mesh
2.5.2026 01:34:57-debug: asset-db:worker-effect-data-processing (239ms)
2.5.2026 01:34:57-debug: asset-db-hook-engine-extends-afterStartDB (239ms)
2.5.2026 01:34:57-debug: asset-db:start-database (1235ms)
2.5.2026 01:34:57-debug: asset-db:ready (4483ms)
2.5.2026 01:34:57-debug: init worker message success
2.5.2026 01:34:57-debug: programming:execute-script (3ms)
2.5.2026 01:34:57-debug: [Build Memory track]: builder:worker-init start:385.69MB, end 397.08MB, increase: 11.39MB
2.5.2026 01:34:57-debug: builder:worker-init (239ms)
2.5.2026 01:35:03-debug: refresh db internal success
2.5.2026 01:35:03-debug: refresh db assets success
2.5.2026 01:35:03-debug: Run asset db hook engine-extends:afterRefresh ...
2.5.2026 01:35:03-debug: Run asset db hook engine-extends:afterRefresh success!
2.5.2026 01:35:03-debug: asset-db:refresh-all-database (139ms)
2.5.2026 01:35:03-debug: asset-db:worker-effect-data-processing (1ms)
2.5.2026 01:35:03-debug: asset-db-hook-engine-extends-afterRefresh (1ms)
2.5.2026 01:35:13-debug: refresh db internal success
2.5.2026 01:35:13-debug: refresh db assets success
2.5.2026 01:35:13-debug: Run asset db hook engine-extends:afterRefresh ...
2.5.2026 01:35:13-debug: Run asset db hook engine-extends:afterRefresh success!
2.5.2026 01:35:13-debug: asset-db:refresh-all-database (145ms)
2.5.2026 01:35:13-debug: asset-db:worker-effect-data-processing (2ms)
2.5.2026 01:35:13-debug: asset-db-hook-engine-extends-afterRefresh (2ms)
2.5.2026 01:35:27-debug: refresh db internal success
2.5.2026 01:35:27-debug: Run asset db hook engine-extends:afterRefresh ...
2.5.2026 01:35:27-debug: Run asset db hook engine-extends:afterRefresh success!
2.5.2026 01:35:27-debug: refresh db assets success
2.5.2026 01:35:27-debug: asset-db:refresh-all-database (149ms)
2.5.2026 01:35:27-debug: asset-db:worker-effect-data-processing (2ms)
2.5.2026 01:35:27-debug: asset-db-hook-engine-extends-afterRefresh (2ms)
2.5.2026 01:35:50-debug: refresh db internal success
2.5.2026 01:35:50-debug: refresh db assets success
2.5.2026 01:35:50-debug: Run asset db hook engine-extends:afterRefresh ...
2.5.2026 01:35:50-debug: Run asset db hook engine-extends:afterRefresh success!
2.5.2026 01:35:50-debug: asset-db:refresh-all-database (144ms)
2.5.2026 01:35:50-debug: asset-db:worker-effect-data-processing (1ms)
2.5.2026 01:35:50-debug: asset-db-hook-engine-extends-afterRefresh (2ms)
2.5.2026 01:36:40-debug: refresh db internal success
2.5.2026 01:36:40-debug: refresh db assets success
2.5.2026 01:36:40-debug: Run asset db hook engine-extends:afterRefresh ...
2.5.2026 01:36:40-debug: Run asset db hook engine-extends:afterRefresh success!
2.5.2026 01:36:40-debug: asset-db:refresh-all-database (144ms)
2.5.2026 01:36:40-debug: asset-db:worker-effect-data-processing (1ms)
2.5.2026 01:36:40-debug: asset-db-hook-engine-extends-afterRefresh (1ms)
2.5.2026 01:37:13-debug: refresh db internal success
2.5.2026 01:37:13-debug: refresh db assets success
2.5.2026 01:37:13-debug: Run asset db hook engine-extends:afterRefresh ...
2.5.2026 01:37:13-debug: Run asset db hook engine-extends:afterRefresh success!
2.5.2026 01:37:13-debug: asset-db:refresh-all-database (151ms)
2.5.2026 01:37:13-debug: asset-db:worker-effect-data-processing (2ms)
2.5.2026 01:37:13-debug: asset-db-hook-engine-extends-afterRefresh (2ms)
2.5.2026 01:38:06-debug: refresh db internal success
2.5.2026 01:38:06-debug: refresh db assets success
2.5.2026 01:38:06-debug: Run asset db hook engine-extends:afterRefresh ...
2.5.2026 01:38:06-debug: Run asset db hook engine-extends:afterRefresh success!
2.5.2026 01:38:06-debug: asset-db:refresh-all-database (145ms)
2.5.2026 01:38:06-debug: asset-db:worker-effect-data-processing (1ms)
2.5.2026 01:38:06-debug: asset-db-hook-engine-extends-afterRefresh (2ms)
2.5.2026 01:38:13-debug: refresh db internal success
2.5.2026 01:38:13-debug: refresh db assets success
2.5.2026 01:38:13-debug: Run asset db hook engine-extends:afterRefresh ...
2.5.2026 01:38:13-debug: Run asset db hook engine-extends:afterRefresh success!
2.5.2026 01:38:13-debug: asset-db:refresh-all-database (143ms)
2.5.2026 01:38:13-debug: asset-db:worker-effect-data-processing (3ms)
2.5.2026 01:38:13-debug: asset-db-hook-engine-extends-afterRefresh (3ms)
2.5.2026 01:38:25-debug: refresh db internal success
2.5.2026 01:38:25-debug: refresh db assets success
2.5.2026 01:38:25-debug: Run asset db hook engine-extends:afterRefresh ...
2.5.2026 01:38:25-debug: Run asset db hook engine-extends:afterRefresh success!
2.5.2026 01:38:25-debug: asset-db:refresh-all-database (146ms)
2.5.2026 01:38:25-debug: asset-db:worker-effect-data-processing (1ms)
2.5.2026 01:38:25-debug: asset-db-hook-engine-extends-afterRefresh (1ms)
