2.5.2026 01:30:59-log: Cannot access game frame or container.
2.5.2026 01:30:59-debug: asset-db:require-engine-code (420ms)
2.5.2026 01:30:59-log: meshopt wasm decoder initialized
2.5.2026 01:30:59-log: [box2d]:box2d wasm lib loaded.
2.5.2026 01:30:59-log: [bullet]:bullet wasm lib loaded.
2.5.2026 01:30:59-log: Using legacy pipeline
2.5.2026 01:30:59-log: Forward render pipeline initialized.
2.5.2026 01:30:59-log: Cocos Creator v3.8.8
2.5.2026 01:30:59-debug: [Assets Memory track]: asset-db:worker-init: initEngine start:27.86MB, end 79.07MB, increase: 51.21MB
2.5.2026 01:31:00-debug: [Assets Memory track]: asset-db:worker-init: initPlugin start:79.12MB, end 274.34MB, increase: 195.23MB
2.5.2026 01:31:00-debug: run package(fb-instant-games) handler(enable) start
2.5.2026 01:31:00-debug: run package(fb-instant-games) handler(enable) success!
2.5.2026 01:31:00-debug: run package(harmonyos-next) handler(enable) start
2.5.2026 01:31:00-debug: run package(google-play) handler(enable) success!
2.5.2026 01:31:00-debug: run package(harmonyos-next) handler(enable) success!
2.5.2026 01:31:00-debug: run package(honor-mini-game) handler(enable) success!
2.5.2026 01:31:00-debug: run package(honor-mini-game) handler(enable) start
2.5.2026 01:31:00-debug: run package(huawei-agc) handler(enable) success!
2.5.2026 01:31:00-debug: run package(huawei-agc) handler(enable) start
2.5.2026 01:31:00-debug: run package(google-play) handler(enable) start
2.5.2026 01:31:00-debug: run package(huawei-quick-game) handler(enable) start
2.5.2026 01:31:00-debug: run package(ios) handler(enable) success!
2.5.2026 01:31:00-debug: run package(huawei-quick-game) handler(enable) success!
2.5.2026 01:31:00-debug: run package(ios) handler(enable) start
2.5.2026 01:31:00-debug: run package(linux) handler(enable) start
2.5.2026 01:31:00-debug: run package(linux) handler(enable) success!
2.5.2026 01:31:00-debug: run package(migu-mini-game) handler(enable) start
2.5.2026 01:31:00-debug: run package(mac) handler(enable) success!
2.5.2026 01:31:00-debug: run package(mac) handler(enable) start
2.5.2026 01:31:00-debug: run package(native) handler(enable) start
2.5.2026 01:31:00-debug: run package(migu-mini-game) handler(enable) success!
2.5.2026 01:31:00-debug: run package(native) handler(enable) success!
2.5.2026 01:31:00-debug: run package(ohos) handler(enable) start
2.5.2026 01:31:00-debug: run package(ohos) handler(enable) success!
2.5.2026 01:31:00-debug: run package(oppo-mini-game) handler(enable) start
2.5.2026 01:31:00-debug: run package(oppo-mini-game) handler(enable) success!
2.5.2026 01:31:00-debug: run package(runtime-dev-tools) handler(enable) success!
2.5.2026 01:31:00-debug: run package(runtime-dev-tools) handler(enable) start
2.5.2026 01:31:00-debug: run package(taobao-mini-game) handler(enable) start
2.5.2026 01:31:00-debug: run package(taobao-mini-game) handler(enable) success!
2.5.2026 01:31:00-debug: run package(vivo-mini-game) handler(enable) start
2.5.2026 01:31:00-debug: run package(vivo-mini-game) handler(enable) success!
2.5.2026 01:31:00-debug: run package(web-mobile) handler(enable) start
2.5.2026 01:31:00-debug: run package(web-desktop) handler(enable) success!
2.5.2026 01:31:00-debug: run package(wechatgame) handler(enable) start
2.5.2026 01:31:00-debug: run package(web-desktop) handler(enable) start
2.5.2026 01:31:00-debug: run package(web-mobile) handler(enable) success!
2.5.2026 01:31:00-debug: run package(wechatgame) handler(enable) success!
2.5.2026 01:31:00-debug: run package(wechatprogram) handler(enable) success!
2.5.2026 01:31:00-debug: run package(windows) handler(enable) success!
2.5.2026 01:31:00-debug: run package(windows) handler(enable) start
2.5.2026 01:31:00-debug: run package(wechatprogram) handler(enable) start
2.5.2026 01:31:00-debug: run package(xiaomi-quick-game) handler(enable) success!
2.5.2026 01:31:00-debug: run package(cocos-service) handler(enable) success!
2.5.2026 01:31:00-debug: run package(xiaomi-quick-game) handler(enable) start
2.5.2026 01:31:00-debug: run package(im-plugin) handler(enable) start
2.5.2026 01:31:00-debug: run package(cocos-service) handler(enable) start
2.5.2026 01:31:00-debug: run package(placeholder) handler(enable) success!
2.5.2026 01:31:00-debug: run package(placeholder) handler(enable) start
2.5.2026 01:31:00-debug: run package(im-plugin) handler(enable) success!
2.5.2026 01:31:00-debug: asset-db:worker-init: initPlugin (1134ms)
2.5.2026 01:31:00-debug: Run asset db hook engine-extends:beforePreStart ...
2.5.2026 01:31:00-debug: Run asset db hook programming:beforePreStart success!
2.5.2026 01:31:00-debug: Run asset db hook engine-extends:beforePreStart success!
2.5.2026 01:31:00-debug: [Assets Memory track]: asset-db:worker-init start:27.85MB, end 272.06MB, increase: 244.21MB
2.5.2026 01:31:00-debug: Run asset db hook programming:beforePreStart ...
2.5.2026 01:31:00-debug: asset-db:worker-init (1787ms)
2.5.2026 01:31:00-debug: asset-db-hook-programming-beforePreStart (145ms)
2.5.2026 01:31:00-debug: asset-db-hook-engine-extends-beforePreStart (144ms)
2.5.2026 01:31:00-debug: Preimport db internal success
2.5.2026 01:31:00-debug: Run asset db hook programming:afterPreStart ...
2.5.2026 01:31:00-debug: Preimport db assets success
2.5.2026 01:31:00-debug: starting packer-driver...
2.5.2026 01:31:01-debug: initialize scripting environment...
2.5.2026 01:31:01-debug: [[Executor]] prepare before lock
2.5.2026 01:31:01-debug: Set detail map pack:///resolution-detail-map.json: {}
2.5.2026 01:31:01-debug: [[Executor]] prepare after unlock
2.5.2026 01:31:01-debug: Run asset db hook programming:afterPreStart success!
2.5.2026 01:31:01-debug: Start up the 'internal' database...
2.5.2026 01:31:01-debug: Run asset db hook engine-extends:afterPreStart ...
2.5.2026 01:31:01-debug: [Assets Memory track]: asset-db:worker-init: preStart start:272.08MB, end 275.30MB, increase: 3.22MB
2.5.2026 01:31:01-debug: Run asset db hook engine-extends:afterPreStart success!
2.5.2026 01:31:01-debug: asset-db:worker-effect-data-processing (315ms)
2.5.2026 01:31:01-debug: asset-db-hook-engine-extends-afterPreStart (316ms)
2.5.2026 01:31:01-debug: asset-db-hook-programming-afterPreStart (591ms)
2.5.2026 01:31:01-debug: Run asset db hook engine-extends:afterStartDB ...
2.5.2026 01:31:01-debug: recompile effect.bin success
2.5.2026 01:31:01-debug: Run asset db hook engine-extends:afterStartDB success!
2.5.2026 01:31:01-debug: Start up the 'assets' database...
2.5.2026 01:31:01-debug: asset-db:worker-effect-data-processing (273ms)
2.5.2026 01:31:01-debug: asset-db-hook-engine-extends-afterStartDB (274ms)
2.5.2026 01:31:01-debug: Run asset db hook engine-extends:afterStartDB ...
2.5.2026 01:31:02-debug: Run asset db hook engine-extends:afterStartDB success!
2.5.2026 01:31:02-debug: [Assets Memory track]: asset-db:worker-init: startup start:275.31MB, end 314.88MB, increase: 39.57MB
2.5.2026 01:31:02-debug: lazy register asset handler *
2.5.2026 01:31:02-debug: lazy register asset handler directory
2.5.2026 01:31:02-debug: lazy register asset handler json
2.5.2026 01:31:02-debug: lazy register asset handler spine-data
2.5.2026 01:31:02-debug: lazy register asset handler text
2.5.2026 01:31:02-debug: lazy register asset handler dragonbones
2.5.2026 01:31:02-debug: lazy register asset handler dragonbones-atlas
2.5.2026 01:31:02-debug: lazy register asset handler terrain
2.5.2026 01:31:02-debug: lazy register asset handler javascript
2.5.2026 01:31:02-debug: lazy register asset handler prefab
2.5.2026 01:31:02-debug: lazy register asset handler typescript
2.5.2026 01:31:02-debug: lazy register asset handler scene
2.5.2026 01:31:02-debug: recompile effect.bin success
2.5.2026 01:31:02-debug: lazy register asset handler tiled-map
2.5.2026 01:31:02-debug: lazy register asset handler sprite-frame
2.5.2026 01:31:02-debug: lazy register asset handler image
2.5.2026 01:31:02-debug: lazy register asset handler sign-image
2.5.2026 01:31:02-debug: lazy register asset handler alpha-image
2.5.2026 01:31:02-debug: lazy register asset handler texture
2.5.2026 01:31:02-debug: lazy register asset handler texture-cube
2.5.2026 01:31:02-debug: lazy register asset handler render-texture
2.5.2026 01:31:02-debug: lazy register asset handler erp-texture-cube
2.5.2026 01:31:02-debug: lazy register asset handler texture-cube-face
2.5.2026 01:31:02-debug: lazy register asset handler buffer
2.5.2026 01:31:02-debug: lazy register asset handler rt-sprite-frame
2.5.2026 01:31:02-debug: lazy register asset handler gltf-animation
2.5.2026 01:31:02-debug: lazy register asset handler gltf-mesh
2.5.2026 01:31:02-debug: lazy register asset handler gltf
2.5.2026 01:31:02-debug: lazy register asset handler gltf-skeleton
2.5.2026 01:31:02-debug: lazy register asset handler gltf-embeded-image
2.5.2026 01:31:02-debug: lazy register asset handler gltf-material
2.5.2026 01:31:02-debug: lazy register asset handler gltf-scene
2.5.2026 01:31:02-debug: lazy register asset handler fbx
2.5.2026 01:31:02-debug: lazy register asset handler material
2.5.2026 01:31:02-debug: lazy register asset handler effect-header
2.5.2026 01:31:02-debug: lazy register asset handler physics-material
2.5.2026 01:31:02-debug: lazy register asset handler animation-clip
2.5.2026 01:31:02-debug: lazy register asset handler audio-clip
2.5.2026 01:31:02-debug: lazy register asset handler effect
2.5.2026 01:31:02-debug: lazy register asset handler animation-graph-variant
2.5.2026 01:31:02-debug: lazy register asset handler animation-mask
2.5.2026 01:31:02-debug: lazy register asset handler animation-graph
2.5.2026 01:31:02-debug: lazy register asset handler ttf-font
2.5.2026 01:31:02-debug: lazy register asset handler bitmap-font
2.5.2026 01:31:02-debug: lazy register asset handler sprite-atlas
2.5.2026 01:31:02-debug: lazy register asset handler label-atlas
2.5.2026 01:31:02-debug: lazy register asset handler particle
2.5.2026 01:31:02-debug: lazy register asset handler auto-atlas
2.5.2026 01:31:02-debug: lazy register asset handler render-stage
2.5.2026 01:31:02-debug: lazy register asset handler render-pipeline
2.5.2026 01:31:02-debug: lazy register asset handler instantiation-material
2.5.2026 01:31:02-debug: lazy register asset handler instantiation-mesh
2.5.2026 01:31:02-debug: lazy register asset handler instantiation-skeleton
2.5.2026 01:31:02-debug: lazy register asset handler instantiation-animation
2.5.2026 01:31:02-debug: lazy register asset handler render-flow
2.5.2026 01:31:02-debug: lazy register asset handler video-clip
2.5.2026 01:31:02-debug: asset-db:worker-effect-data-processing (282ms)
2.5.2026 01:31:02-debug: asset-db-hook-engine-extends-afterStartDB (283ms)
2.5.2026 01:31:02-debug: asset-db:start-database (1454ms)
2.5.2026 01:31:02-debug: asset-db:ready (4854ms)
2.5.2026 01:31:02-debug: init worker message success
2.5.2026 01:31:02-debug: programming:execute-script (1ms)
2.5.2026 01:31:02-debug: [Build Memory track]: builder:worker-init start:312.61MB, end 322.00MB, increase: 9.39MB
2.5.2026 01:31:02-debug: builder:worker-init (214ms)
2.5.2026 01:31:12-debug: refresh db internal success
2.5.2026 01:31:12-debug: refresh db assets success
2.5.2026 01:31:12-debug: Run asset db hook engine-extends:afterRefresh ...
2.5.2026 01:31:12-debug: Run asset db hook engine-extends:afterRefresh success!
2.5.2026 01:31:12-debug: asset-db:refresh-all-database (156ms)
2.5.2026 01:31:12-debug: asset-db:worker-effect-data-processing (1ms)
2.5.2026 01:31:12-debug: asset-db-hook-engine-extends-afterRefresh (1ms)
2.5.2026 01:34:34-debug: refresh db internal success
2.5.2026 01:34:34-debug: Run asset db hook engine-extends:afterRefresh ...
2.5.2026 01:34:34-debug: Run asset db hook engine-extends:afterRefresh success!
2.5.2026 01:34:34-debug: refresh db assets success
2.5.2026 01:34:34-debug: asset-db:refresh-all-database (141ms)
2.5.2026 01:34:34-debug: asset-db:worker-effect-data-processing (2ms)
2.5.2026 01:34:34-debug: asset-db-hook-engine-extends-afterRefresh (2ms)
