2026-03-16 19:15:22 Starting Toolchain PATH Probe...
2026-03-16 19:15:22 Repo Root: C:\Users\eldno\chthonic-archive
2026-03-16 19:15:22 Loading polyglot paths...
2026-03-16 19:15:22   + Added: C:\Users\eldno\.bun\bin
2026-03-16 19:15:22   + Added: C:\Users\eldno\.cargo\bin
2026-03-16 19:15:22   + Added: C:\Users\eldno\.goup\current\bin
2026-03-16 19:15:22   - Skipped (missing): C:\Go\bin
2026-03-16 19:15:22   + Added: C:\Users\eldno\go\bin
2026-03-16 19:15:22   + Added: C:\Users\eldno\.local\bin
2026-03-16 19:15:22   + Added: C:\Program Files\Git\cmd
2026-03-16 19:15:22 Starting Toolchain PATH Probe...
2026-03-16 19:15:22 Repo Root: C:\Users\eldno\chthonic-archive
2026-03-16 19:15:22 Constructed PATH with 47 entries.
2026-03-16 19:15:22 Wrote probed PATH to: C:\Users\eldno\chthonic-archive\dumpster-dive\intake\toolchain-probe\probed_path_20260316_191522.txt
2026-03-16 19:15:22 Applied new PATH to current session.
2026-03-16 19:15:22   [OK] Found go
2026-03-16 19:15:23 Loading polyglot paths...
2026-03-16 19:15:23   [WARN] Could not find ruby
2026-03-16 19:15:23   [OK] Found bun
2026-03-16 19:15:23   + Added: C:\Users\eldno\.bun\bin
2026-03-16 19:15:23   + Added: C:\Users\eldno\.cargo\bin
2026-03-16 19:15:23   + Added: C:\Users\eldno\.goup\current\bin
2026-03-16 19:15:23   - Skipped (missing): C:\Go\bin
2026-03-16 19:15:23   [OK] Found uv
2026-03-16 19:15:23   + Added: C:\Users\eldno\go\bin
2026-03-16 19:15:23   + Added: C:\Users\eldno\.local\bin
2026-03-16 19:15:23   [OK] Found cargo
2026-03-16 19:15:23 Probe complete.
