2026-03-16 19:23:36 Starting Toolchain PATH Probe...
2026-03-16 19:23:36 Repo Root: C:\Users\eldno\chthonic-archive
2026-03-16 19:23:36 Loading polyglot paths...
2026-03-16 19:23:36   + Added: C:\Users\eldno\.bun\bin
2026-03-16 19:23:36   + Added: C:\Users\eldno\.cargo\bin
2026-03-16 19:23:36   + Added: C:\Users\eldno\.goup\current\bin
2026-03-16 19:23:36   - Skipped (missing): C:\Go\bin
2026-03-16 19:23:36   + Added: C:\Users\eldno\go\bin
2026-03-16 19:23:36   + Added: C:\Users\eldno\.local\bin
2026-03-16 19:23:36   + Added: C:\Program Files\Git\cmd
2026-03-16 19:23:36 Starting Toolchain PATH Probe...
2026-03-16 19:23:36 Repo Root: C:\Users\eldno\chthonic-archive
2026-03-16 19:23:36 Constructed PATH with 47 entries.
2026-03-16 19:23:36 Wrote probed PATH to: C:\Users\eldno\chthonic-archive\dumpster-dive\intake\toolchain-probe\probed_path_20260316_192336.txt
2026-03-16 19:23:36 Applied new PATH to current session.
2026-03-16 19:23:36   [OK] Found go
2026-03-16 19:23:36 Loading polyglot paths...
2026-03-16 19:23:36   [WARN] Could not find ruby
2026-03-16 19:23:36   [OK] Found bun
2026-03-16 19:23:36   + Added: C:\Users\eldno\.bun\bin
2026-03-16 19:23:36   + Added: C:\Users\eldno\.cargo\bin
2026-03-16 19:23:36   + Added: C:\Users\eldno\.goup\current\bin
2026-03-16 19:23:36   [OK] Found uv
2026-03-16 19:23:36   - Skipped (missing): C:\Go\bin
2026-03-16 19:23:36   + Added: C:\Users\eldno\go\bin
2026-03-16 19:23:36   [OK] Found cargo
2026-03-16 19:23:36   + Added: C:\Users\eldno\.local\bin
2026-03-16 19:23:36 Probe complete.
2026-03-16 19:23:36   + Added: C:\Program Files\Git\cmd
2026-03-16 19:23:36 Constructed PATH with 47 entries.
2026-03-16 19:23:36 Wrote probed PATH to: C:\Users\eldno\chthonic-archive\dumpster-dive\intake\toolchain-probe\probed_path_20260316_192336.txt
2026-03-16 19:23:36 Applied new PATH to current session.
2026-03-16 19:23:36   [OK] Found go
2026-03-16 19:23:37   [WARN] Could not find ruby
2026-03-16 19:23:37   [OK] Found bun
2026-03-16 19:23:37   [OK] Found uv
2026-03-16 19:23:37   [OK] Found cargo
2026-03-16 19:23:37 Probe complete.
