Using Python 3.14.4 environment at: dev\tabbyAPI\.venv
INFO add_decision: Id::<PubGrubPackage>(0) @ 0a0.dev0 without checking dependencies
INFO add_decision: Id::<PubGrubPackage>(1) @ 2.8.3 without checking dependencies
INFO add_decision: Id::<PubGrubPackage>(2) @ 2.11.0+cu128 without checking dependencies
INFO add_decision: Id::<PubGrubPackage>(3) @ 0.8.2 without checking dependencies
INFO add_decision: Id::<PubGrubPackage>(4) @ 3.29.0 without checking dependencies
INFO add_decision: Id::<PubGrubPackage>(5) @ 4.15.0 without checking dependencies
INFO add_decision: Id::<PubGrubPackage>(6) @ 81.0.0 without checking dependencies
INFO add_decision: Id::<PubGrubPackage>(7) @ 1.14.0 without checking dependencies
INFO add_decision: Id::<PubGrubPackage>(8) @ 3.6.1 without checking dependencies
INFO add_decision: Id::<PubGrubPackage>(9) @ 3.1.6 without checking dependencies
INFO add_decision: Id::<PubGrubPackage>(10) @ 2026.3.0 without checking dependencies
INFO add_decision: Id::<PubGrubPackage>(11) @ 1.3.0 without checking dependencies
INFO add_decision: Id::<PubGrubPackage>(12) @ 3.0.3 without checking dependencies
Resolved 12 packages in 6ms
   Building flash-attn==2.8.3
      Built flash-attn==2.8.3
Prepared 1 package in 60m 42s
Installed 1 package in 30ms
 + flash-attn==2.8.3
