[2026-05-03T02:49:52.152Z] session-watcher: snapshot mode
[2026-05-03T02:49:52.298Z] 🔴 live  2b2dfd13-5eee-4a21-8494-2c6d6dae6dc8  (15238 lines, 3157 turns)
[2026-05-03T02:49:52.306Z] ✅ closed  1996a5d8-1d7e-4334-83d7-d11efba77cbc  (1865 lines, 370 turns)
[2026-05-03T02:49:52.314Z] ✅ closed  7592984a-a7f4-486a-9199-0d112ec1bfc4  (877 lines, 176 turns)
[2026-05-03T02:49:52.322Z] ✅ closed  8148fe61-004d-42ac-9088-528edae4e92b  (1 lines, 0 turns)
[2026-05-03T02:49:52.381Z] ✅ closed  898c7571-8c50-4e43-b6ef-a124473bb012  (17214 lines, 3598 turns)
[2026-05-03T02:49:52.389Z] ✅ closed  aa4fe4b5-5b21-4e03-96db-0abcda07f1c1  (982 lines, 208 turns)
[2026-05-03T02:49:52.397Z] ✅ closed  cdaeb5b1-4c3a-437f-a7e1-49ad848308f8  (414 lines, 83 turns)
[2026-05-03T02:49:52.456Z] ✅ closed  79682e02-d0ce-4b47-b9ce-9de191f62f77  (22633 lines, 4629 turns)
[2026-05-03T02:49:52.463Z] ✅ closed  7961b8ed-3cd1-4253-b067-8f742e045f3f  (295 lines, 55 turns)
[2026-05-03T02:49:52.470Z] ✅ closed  c6250cb5-8251-4198-bf6d-6c311bbcf016  (11 lines, 2 turns)
[2026-05-03T02:49:52.478Z] ✅ closed  85ece81f-59d6-440f-8121-83f35563473d  (289 lines, 64 turns)
[2026-05-03T02:49:52.483Z] ✅ closed  30ac60fa-c5f9-4a3f-bdbd-8b17689ae312  (630 lines, 135 turns)
[2026-05-03T02:49:52.495Z] ✅ closed  54cd9cad-bbd1-4759-9e5a-4e1e03dbc722  (5236 lines, 1761 turns)
[2026-05-03T02:49:52.496Z] Snapshot complete. 13 sessions mirrored.
[2026-05-03T02:52:13.477Z] session-watcher: snapshot mode
[2026-05-03T02:52:13.605Z] 🔴 live  2b2dfd13-5eee-4a21-8494-2c6d6dae6dc8  (15282 lines, 3167 turns)
[2026-05-03T02:52:13.613Z] ✅ closed  1996a5d8-1d7e-4334-83d7-d11efba77cbc  (1865 lines, 370 turns)
[2026-05-03T02:52:13.617Z] ✅ closed  7592984a-a7f4-486a-9199-0d112ec1bfc4  (877 lines, 176 turns)
[2026-05-03T02:52:13.622Z] ✅ closed  8148fe61-004d-42ac-9088-528edae4e92b  (1 lines, 0 turns)
[2026-05-03T02:52:13.665Z] ✅ closed  898c7571-8c50-4e43-b6ef-a124473bb012  (17214 lines, 3598 turns)
[2026-05-03T02:52:13.669Z] ✅ closed  aa4fe4b5-5b21-4e03-96db-0abcda07f1c1  (982 lines, 208 turns)
[2026-05-03T02:52:13.675Z] ✅ closed  cdaeb5b1-4c3a-437f-a7e1-49ad848308f8  (414 lines, 83 turns)
[2026-05-03T02:52:13.722Z] ✅ closed  79682e02-d0ce-4b47-b9ce-9de191f62f77  (22633 lines, 4629 turns)
[2026-05-03T02:52:13.728Z] ✅ closed  7961b8ed-3cd1-4253-b067-8f742e045f3f  (295 lines, 55 turns)
[2026-05-03T02:52:13.734Z] ✅ closed  c6250cb5-8251-4198-bf6d-6c311bbcf016  (11 lines, 2 turns)
[2026-05-03T02:52:13.738Z] ✅ closed  85ece81f-59d6-440f-8121-83f35563473d  (289 lines, 64 turns)
[2026-05-03T02:52:13.743Z] ✅ closed  30ac60fa-c5f9-4a3f-bdbd-8b17689ae312  (630 lines, 135 turns)
[2026-05-03T02:52:13.755Z] ✅ closed  54cd9cad-bbd1-4759-9e5a-4e1e03dbc722  (5236 lines, 1761 turns)
[2026-05-03T02:52:13.756Z] Snapshot complete. 13 sessions mirrored.
[2026-05-03T02:54:56.773Z] session-watcher: snapshot mode
[2026-05-03T02:54:56.919Z] 🔴 live  2b2dfd13-5eee-4a21-8494-2c6d6dae6dc8  (15399 lines, 3191 turns)
[2026-05-03T02:54:56.927Z] ✅ closed  1996a5d8-1d7e-4334-83d7-d11efba77cbc  (1865 lines, 370 turns)
[2026-05-03T02:54:56.936Z] ✅ closed  7592984a-a7f4-486a-9199-0d112ec1bfc4  (877 lines, 176 turns)
[2026-05-03T02:54:56.944Z] ✅ closed  8148fe61-004d-42ac-9088-528edae4e92b  (1 lines, 0 turns)
[2026-05-03T02:54:56.994Z] ✅ closed  898c7571-8c50-4e43-b6ef-a124473bb012  (17214 lines, 3598 turns)
[2026-05-03T02:54:57.000Z] ✅ closed  aa4fe4b5-5b21-4e03-96db-0abcda07f1c1  (982 lines, 208 turns)
[2026-05-03T02:54:57.008Z] ✅ closed  cdaeb5b1-4c3a-437f-a7e1-49ad848308f8  (414 lines, 83 turns)
[2026-05-03T02:54:57.059Z] ✅ closed  79682e02-d0ce-4b47-b9ce-9de191f62f77  (22633 lines, 4629 turns)
[2026-05-03T02:54:57.065Z] ✅ closed  7961b8ed-3cd1-4253-b067-8f742e045f3f  (295 lines, 55 turns)
[2026-05-03T02:54:57.073Z] ✅ closed  c6250cb5-8251-4198-bf6d-6c311bbcf016  (11 lines, 2 turns)
[2026-05-03T02:54:57.079Z] ✅ closed  85ece81f-59d6-440f-8121-83f35563473d  (289 lines, 64 turns)
[2026-05-03T02:54:57.085Z] ✅ closed  30ac60fa-c5f9-4a3f-bdbd-8b17689ae312  (630 lines, 135 turns)
[2026-05-03T02:54:57.100Z] ✅ closed  54cd9cad-bbd1-4759-9e5a-4e1e03dbc722  (5236 lines, 1761 turns)
[2026-05-03T02:54:57.100Z] Poll: 13 session(s) updated (13 total).
[2026-05-03T02:55:21.524Z] session-watcher: one-shot pass
[2026-05-03T02:55:21.655Z] 🔴 live  2b2dfd13-5eee-4a21-8494-2c6d6dae6dc8  (15424 lines, 3196 turns)
[2026-05-03T02:55:21.662Z] ✅ closed  1996a5d8-1d7e-4334-83d7-d11efba77cbc  (1865 lines, 370 turns)
[2026-05-03T02:55:21.668Z] ✅ closed  7592984a-a7f4-486a-9199-0d112ec1bfc4  (877 lines, 176 turns)
[2026-05-03T02:55:21.673Z] ✅ closed  8148fe61-004d-42ac-9088-528edae4e92b  (1 lines, 0 turns)
[2026-05-03T02:55:21.716Z] ✅ closed  898c7571-8c50-4e43-b6ef-a124473bb012  (17214 lines, 3598 turns)
[2026-05-03T02:55:21.721Z] ✅ closed  aa4fe4b5-5b21-4e03-96db-0abcda07f1c1  (982 lines, 208 turns)
[2026-05-03T02:55:21.726Z] ✅ closed  cdaeb5b1-4c3a-437f-a7e1-49ad848308f8  (414 lines, 83 turns)
[2026-05-03T02:55:21.774Z] ✅ closed  79682e02-d0ce-4b47-b9ce-9de191f62f77  (22633 lines, 4629 turns)
[2026-05-03T02:55:21.779Z] ✅ closed  7961b8ed-3cd1-4253-b067-8f742e045f3f  (295 lines, 55 turns)
[2026-05-03T02:55:21.784Z] ✅ closed  c6250cb5-8251-4198-bf6d-6c311bbcf016  (11 lines, 2 turns)
[2026-05-03T02:55:21.789Z] ✅ closed  85ece81f-59d6-440f-8121-83f35563473d  (289 lines, 64 turns)
[2026-05-03T02:55:21.794Z] ✅ closed  30ac60fa-c5f9-4a3f-bdbd-8b17689ae312  (630 lines, 135 turns)
[2026-05-03T02:55:21.806Z] ✅ closed  54cd9cad-bbd1-4759-9e5a-4e1e03dbc722  (5236 lines, 1761 turns)
[2026-05-03T02:55:21.807Z] Poll: 13 session(s) updated (13 total).
[2026-05-03T04:40:19.285Z] session-watcher: one-shot pass
[2026-05-03T04:40:19.413Z] 🔴 live  2b2dfd13-5eee-4a21-8494-2c6d6dae6dc8  (17221 lines, 3581 turns)
[2026-05-03T04:40:19.423Z] ✅ closed  1996a5d8-1d7e-4334-83d7-d11efba77cbc  (1865 lines, 370 turns)
[2026-05-03T04:40:19.429Z] ✅ closed  7592984a-a7f4-486a-9199-0d112ec1bfc4  (877 lines, 176 turns)
[2026-05-03T04:40:19.433Z] ✅ closed  8148fe61-004d-42ac-9088-528edae4e92b  (1 lines, 0 turns)
[2026-05-03T04:40:19.481Z] ✅ closed  898c7571-8c50-4e43-b6ef-a124473bb012  (17214 lines, 3598 turns)
[2026-05-03T04:40:19.486Z] ✅ closed  aa4fe4b5-5b21-4e03-96db-0abcda07f1c1  (982 lines, 208 turns)
[2026-05-03T04:40:19.491Z] ✅ closed  cdaeb5b1-4c3a-437f-a7e1-49ad848308f8  (414 lines, 83 turns)
[2026-05-03T04:40:19.549Z] ✅ closed  79682e02-d0ce-4b47-b9ce-9de191f62f77  (22633 lines, 4629 turns)
[2026-05-03T04:40:19.555Z] ✅ closed  7961b8ed-3cd1-4253-b067-8f742e045f3f  (295 lines, 55 turns)
[2026-05-03T04:40:19.559Z] ✅ closed  c6250cb5-8251-4198-bf6d-6c311bbcf016  (11 lines, 2 turns)
[2026-05-03T04:40:19.564Z] ✅ closed  85ece81f-59d6-440f-8121-83f35563473d  (289 lines, 64 turns)
[2026-05-03T04:40:19.568Z] ✅ closed  30ac60fa-c5f9-4a3f-bdbd-8b17689ae312  (630 lines, 135 turns)
[2026-05-03T04:40:19.580Z] ✅ closed  54cd9cad-bbd1-4759-9e5a-4e1e03dbc722  (5236 lines, 1761 turns)
[2026-05-03T04:40:19.581Z] Poll: 13 session(s) updated (13 total).
[2026-05-03T04:59:19.964Z] session-watcher: one-shot pass
[2026-05-03T04:59:20.139Z] 🔴 live  2b2dfd13-5eee-4a21-8494-2c6d6dae6dc8  (17907 lines, 3727 turns)
[2026-05-03T04:59:20.153Z] ✅ closed  1996a5d8-1d7e-4334-83d7-d11efba77cbc  (1865 lines, 370 turns)
[2026-05-03T04:59:20.162Z] ✅ closed  7592984a-a7f4-486a-9199-0d112ec1bfc4  (877 lines, 176 turns)
[2026-05-03T04:59:20.167Z] ✅ closed  8148fe61-004d-42ac-9088-528edae4e92b  (1 lines, 0 turns)
[2026-05-03T04:59:20.225Z] ✅ closed  898c7571-8c50-4e43-b6ef-a124473bb012  (17214 lines, 3598 turns)
[2026-05-03T04:59:20.232Z] ✅ closed  aa4fe4b5-5b21-4e03-96db-0abcda07f1c1  (982 lines, 208 turns)
[2026-05-03T04:59:20.239Z] ✅ closed  cdaeb5b1-4c3a-437f-a7e1-49ad848308f8  (414 lines, 83 turns)
[2026-05-03T04:59:20.303Z] ✅ closed  79682e02-d0ce-4b47-b9ce-9de191f62f77  (22633 lines, 4629 turns)
[2026-05-03T04:59:20.310Z] ✅ closed  7961b8ed-3cd1-4253-b067-8f742e045f3f  (295 lines, 55 turns)
[2026-05-03T04:59:20.315Z] ✅ closed  c6250cb5-8251-4198-bf6d-6c311bbcf016  (11 lines, 2 turns)
[2026-05-03T04:59:20.322Z] ✅ closed  85ece81f-59d6-440f-8121-83f35563473d  (289 lines, 64 turns)
[2026-05-03T04:59:20.328Z] ✅ closed  30ac60fa-c5f9-4a3f-bdbd-8b17689ae312  (630 lines, 135 turns)
[2026-05-03T04:59:20.341Z] ✅ closed  54cd9cad-bbd1-4759-9e5a-4e1e03dbc722  (5236 lines, 1761 turns)
[2026-05-03T04:59:20.341Z] Poll: 13 session(s) updated (13 total).
[2026-05-03T04:59:34.988Z] session-watcher: one-shot pass
[2026-05-03T04:59:35.061Z] 🔴 live  2b2dfd13-5eee-4a21-8494-2c6d6dae6dc8  (17907 lines, 3727 turns)
[2026-05-03T04:59:35.072Z] ✅ closed  1996a5d8-1d7e-4334-83d7-d11efba77cbc  (1865 lines, 370 turns)
[2026-05-03T04:59:35.079Z] ✅ closed  7592984a-a7f4-486a-9199-0d112ec1bfc4  (877 lines, 176 turns)
[2026-05-03T04:59:35.084Z] ✅ closed  8148fe61-004d-42ac-9088-528edae4e92b  (1 lines, 0 turns)
[2026-05-03T04:59:35.141Z] ✅ closed  898c7571-8c50-4e43-b6ef-a124473bb012  (17214 lines, 3598 turns)
[2026-05-03T04:59:35.148Z] ✅ closed  aa4fe4b5-5b21-4e03-96db-0abcda07f1c1  (982 lines, 208 turns)
[2026-05-03T04:59:35.154Z] ✅ closed  cdaeb5b1-4c3a-437f-a7e1-49ad848308f8  (414 lines, 83 turns)
[2026-05-03T04:59:35.216Z] ✅ closed  79682e02-d0ce-4b47-b9ce-9de191f62f77  (22633 lines, 4629 turns)
[2026-05-03T04:59:35.223Z] ✅ closed  7961b8ed-3cd1-4253-b067-8f742e045f3f  (295 lines, 55 turns)
[2026-05-03T04:59:35.228Z] ✅ closed  c6250cb5-8251-4198-bf6d-6c311bbcf016  (11 lines, 2 turns)
[2026-05-03T04:59:35.235Z] ✅ closed  85ece81f-59d6-440f-8121-83f35563473d  (289 lines, 64 turns)
[2026-05-03T04:59:35.240Z] ✅ closed  30ac60fa-c5f9-4a3f-bdbd-8b17689ae312  (630 lines, 135 turns)
[2026-05-03T04:59:35.254Z] ✅ closed  54cd9cad-bbd1-4759-9e5a-4e1e03dbc722  (5236 lines, 1761 turns)
[2026-05-03T04:59:35.255Z] Poll: 13 session(s) updated (13 total).
[2026-05-03T21:02:45.308Z] session-watcher: one-shot pass
[2026-05-03T21:02:45.463Z] 🔴 live  2b2dfd13-5eee-4a21-8494-2c6d6dae6dc8  (18772 lines, 3905 turns)
[2026-05-03T21:02:45.483Z] ✅ closed  1996a5d8-1d7e-4334-83d7-d11efba77cbc  (1865 lines, 370 turns)
[2026-05-03T21:02:45.588Z] ✅ closed  7592984a-a7f4-486a-9199-0d112ec1bfc4  (877 lines, 176 turns)
[2026-05-03T21:02:45.599Z] ✅ closed  8148fe61-004d-42ac-9088-528edae4e92b  (1 lines, 0 turns)
[2026-05-03T21:02:45.657Z] ✅ closed  898c7571-8c50-4e43-b6ef-a124473bb012  (17214 lines, 3598 turns)
[2026-05-03T21:02:45.672Z] ✅ closed  aa4fe4b5-5b21-4e03-96db-0abcda07f1c1  (982 lines, 208 turns)
[2026-05-03T21:02:45.686Z] ✅ closed  cdaeb5b1-4c3a-437f-a7e1-49ad848308f8  (414 lines, 83 turns)
[2026-05-03T21:02:45.757Z] ✅ closed  79682e02-d0ce-4b47-b9ce-9de191f62f77  (22633 lines, 4629 turns)
[2026-05-03T21:02:45.774Z] ✅ closed  7961b8ed-3cd1-4253-b067-8f742e045f3f  (295 lines, 55 turns)
[2026-05-03T21:02:45.786Z] ✅ closed  c6250cb5-8251-4198-bf6d-6c311bbcf016  (11 lines, 2 turns)
[2026-05-03T21:02:45.865Z] ✅ closed  85ece81f-59d6-440f-8121-83f35563473d  (289 lines, 64 turns)
[2026-05-03T21:02:45.880Z] ✅ closed  30ac60fa-c5f9-4a3f-bdbd-8b17689ae312  (630 lines, 135 turns)
[2026-05-03T21:02:45.908Z] ✅ closed  54cd9cad-bbd1-4759-9e5a-4e1e03dbc722  (5236 lines, 1761 turns)
[2026-05-03T21:02:45.908Z] Poll: 13 session(s) updated (13 total).
[2026-05-04T00:07:55.124Z] session-watcher: one-shot pass
[2026-05-04T00:07:55.257Z] 🔴 live  2b2dfd13-5eee-4a21-8494-2c6d6dae6dc8  (19122 lines, 3980 turns)
[2026-05-04T00:07:55.266Z] ✅ closed  1996a5d8-1d7e-4334-83d7-d11efba77cbc  (1865 lines, 370 turns)
[2026-05-04T00:07:55.273Z] ✅ closed  7592984a-a7f4-486a-9199-0d112ec1bfc4  (877 lines, 176 turns)
[2026-05-04T00:07:55.278Z] ✅ closed  8148fe61-004d-42ac-9088-528edae4e92b  (1 lines, 0 turns)
[2026-05-04T00:07:55.328Z] ✅ closed  898c7571-8c50-4e43-b6ef-a124473bb012  (17214 lines, 3598 turns)
[2026-05-04T00:07:55.334Z] ✅ closed  aa4fe4b5-5b21-4e03-96db-0abcda07f1c1  (982 lines, 208 turns)
[2026-05-04T00:07:55.341Z] ✅ closed  cdaeb5b1-4c3a-437f-a7e1-49ad848308f8  (414 lines, 83 turns)
[2026-05-04T00:07:55.397Z] ✅ closed  79682e02-d0ce-4b47-b9ce-9de191f62f77  (22633 lines, 4629 turns)
[2026-05-04T00:07:55.402Z] ✅ closed  7961b8ed-3cd1-4253-b067-8f742e045f3f  (295 lines, 55 turns)
[2026-05-04T00:07:55.406Z] ✅ closed  c6250cb5-8251-4198-bf6d-6c311bbcf016  (11 lines, 2 turns)
[2026-05-04T00:07:55.411Z] ✅ closed  85ece81f-59d6-440f-8121-83f35563473d  (289 lines, 64 turns)
[2026-05-04T00:07:55.415Z] ✅ closed  30ac60fa-c5f9-4a3f-bdbd-8b17689ae312  (630 lines, 135 turns)
[2026-05-04T00:07:55.427Z] ✅ closed  54cd9cad-bbd1-4759-9e5a-4e1e03dbc722  (5236 lines, 1761 turns)
[2026-05-04T00:07:55.427Z] Poll: 13 session(s) updated (13 total).
[2026-05-09T00:30:36.823Z] session-watcher: one-shot pass
[2026-05-09T00:30:36.844Z] 🔴 live  15a412d0-4186-4407-bafb-7d74094a88e2  (172 lines, 32 turns)
[2026-05-09T00:30:37.105Z] ✅ closed  2b2dfd13-5eee-4a21-8494-2c6d6dae6dc8  (30577 lines, 6328 turns)
[2026-05-09T00:30:37.127Z] ✅ closed  f45c481e-0a0b-4e72-936b-700406a8f359  (1952 lines, 407 turns)
[2026-05-09T00:30:37.150Z] ✅ closed  1996a5d8-1d7e-4334-83d7-d11efba77cbc  (1865 lines, 370 turns)
[2026-05-09T00:30:37.253Z] ✅ closed  7592984a-a7f4-486a-9199-0d112ec1bfc4  (877 lines, 176 turns)
[2026-05-09T00:30:37.265Z] ✅ closed  8148fe61-004d-42ac-9088-528edae4e92b  (1 lines, 0 turns)
[2026-05-09T00:30:37.329Z] ✅ closed  898c7571-8c50-4e43-b6ef-a124473bb012  (17214 lines, 3598 turns)
[2026-05-09T00:30:37.346Z] ✅ closed  aa4fe4b5-5b21-4e03-96db-0abcda07f1c1  (982 lines, 208 turns)
[2026-05-09T00:30:37.358Z] ✅ closed  cdaeb5b1-4c3a-437f-a7e1-49ad848308f8  (414 lines, 83 turns)
[2026-05-09T00:30:37.422Z] ✅ closed  79682e02-d0ce-4b47-b9ce-9de191f62f77  (22633 lines, 4629 turns)
[2026-05-09T00:30:37.438Z] ✅ closed  7961b8ed-3cd1-4253-b067-8f742e045f3f  (295 lines, 55 turns)
[2026-05-09T00:30:37.453Z] ✅ closed  c6250cb5-8251-4198-bf6d-6c311bbcf016  (11 lines, 2 turns)
[2026-05-09T00:30:37.539Z] ✅ closed  85ece81f-59d6-440f-8121-83f35563473d  (289 lines, 64 turns)
[2026-05-09T00:30:37.556Z] ✅ closed  30ac60fa-c5f9-4a3f-bdbd-8b17689ae312  (630 lines, 135 turns)
[2026-05-09T00:30:37.582Z] ✅ closed  54cd9cad-bbd1-4759-9e5a-4e1e03dbc722  (5236 lines, 1761 turns)
[2026-05-09T00:30:37.583Z] Poll: 15 session(s) updated (15 total).
[2026-05-09T01:13:27.074Z] session-watcher: one-shot pass
[2026-05-09T01:13:27.153Z] 🔴 live  15a412d0-4186-4407-bafb-7d74094a88e2  (797 lines, 157 turns)
[2026-05-09T01:13:27.298Z] ✅ closed  2b2dfd13-5eee-4a21-8494-2c6d6dae6dc8  (30577 lines, 6328 turns)
[2026-05-09T01:13:27.309Z] ✅ closed  f45c481e-0a0b-4e72-936b-700406a8f359  (1952 lines, 407 turns)
[2026-05-09T01:13:27.320Z] ✅ closed  1996a5d8-1d7e-4334-83d7-d11efba77cbc  (1865 lines, 370 turns)
[2026-05-09T01:13:27.328Z] ✅ closed  7592984a-a7f4-486a-9199-0d112ec1bfc4  (877 lines, 176 turns)
[2026-05-09T01:13:27.334Z] ✅ closed  8148fe61-004d-42ac-9088-528edae4e92b  (1 lines, 0 turns)
[2026-05-09T01:13:27.380Z] ✅ closed  898c7571-8c50-4e43-b6ef-a124473bb012  (17214 lines, 3598 turns)
[2026-05-09T01:13:27.387Z] ✅ closed  aa4fe4b5-5b21-4e03-96db-0abcda07f1c1  (982 lines, 208 turns)
[2026-05-09T01:13:27.394Z] ✅ closed  cdaeb5b1-4c3a-437f-a7e1-49ad848308f8  (414 lines, 83 turns)
[2026-05-09T01:13:27.445Z] ✅ closed  79682e02-d0ce-4b47-b9ce-9de191f62f77  (22633 lines, 4629 turns)
[2026-05-09T01:13:27.452Z] ✅ closed  7961b8ed-3cd1-4253-b067-8f742e045f3f  (295 lines, 55 turns)
[2026-05-09T01:13:27.459Z] ✅ closed  c6250cb5-8251-4198-bf6d-6c311bbcf016  (11 lines, 2 turns)
[2026-05-09T01:13:27.466Z] ✅ closed  85ece81f-59d6-440f-8121-83f35563473d  (289 lines, 64 turns)
[2026-05-09T01:13:27.472Z] ✅ closed  30ac60fa-c5f9-4a3f-bdbd-8b17689ae312  (630 lines, 135 turns)
[2026-05-09T01:13:27.485Z] ✅ closed  54cd9cad-bbd1-4759-9e5a-4e1e03dbc722  (5236 lines, 1761 turns)
[2026-05-09T01:13:27.485Z] Poll: 15 session(s) updated (15 total).
[2026-05-09T01:23:32.404Z] session-watcher: one-shot pass
[2026-05-09T01:23:32.484Z] 🔴 live  15a412d0-4186-4407-bafb-7d74094a88e2  (919 lines, 183 turns)
[2026-05-09T01:23:32.622Z] ✅ closed  2b2dfd13-5eee-4a21-8494-2c6d6dae6dc8  (30577 lines, 6328 turns)
[2026-05-09T01:23:32.631Z] ✅ closed  f45c481e-0a0b-4e72-936b-700406a8f359  (1952 lines, 407 turns)
[2026-05-09T01:23:32.641Z] ✅ closed  1996a5d8-1d7e-4334-83d7-d11efba77cbc  (1865 lines, 370 turns)
[2026-05-09T01:23:32.648Z] ✅ closed  7592984a-a7f4-486a-9199-0d112ec1bfc4  (877 lines, 176 turns)
[2026-05-09T01:23:32.742Z] ✅ closed  7592984a-a7f4-486a-9199-0d112ec1bfc4  (877 lines, 176 turns)
[2026-05-09T01:23:32.747Z] ✅ closed  8148fe61-004d-42ac-9088-528edae4e92b  (1 lines, 0 turns)
[2026-05-09T01:23:32.752Z] ✅ closed  8148fe61-004d-42ac-9088-528edae4e92b  (1 lines, 0 turns)
[2026-05-09T01:23:32.798Z] ✅ closed  898c7571-8c50-4e43-b6ef-a124473bb012  (17214 lines, 3598 turns)
[2026-05-09T01:23:32.851Z] ✅ closed  898c7571-8c50-4e43-b6ef-a124473bb012  (17214 lines, 3598 turns)
[2026-05-09T01:23:32.859Z] ✅ closed  aa4fe4b5-5b21-4e03-96db-0abcda07f1c1  (982 lines, 208 turns)
[2026-05-09T01:23:32.874Z] ✅ closed  aa4fe4b5-5b21-4e03-96db-0abcda07f1c1  (982 lines, 208 turns)
[2026-05-09T01:23:32.881Z] ✅ closed  cdaeb5b1-4c3a-437f-a7e1-49ad848308f8  (414 lines, 83 turns)
[2026-05-09T01:23:32.891Z] ✅ closed  cdaeb5b1-4c3a-437f-a7e1-49ad848308f8  (414 lines, 83 turns)
[2026-05-09T01:23:32.940Z] ✅ closed  79682e02-d0ce-4b47-b9ce-9de191f62f77  (22633 lines, 4629 turns)
[2026-05-09T01:23:32.995Z] ✅ closed  79682e02-d0ce-4b47-b9ce-9de191f62f77  (22633 lines, 4629 turns)
[2026-05-09T01:23:33.001Z] ✅ closed  7961b8ed-3cd1-4253-b067-8f742e045f3f  (295 lines, 55 turns)
[2026-05-09T01:23:33.012Z] ✅ closed  7961b8ed-3cd1-4253-b067-8f742e045f3f  (295 lines, 55 turns)
[2026-05-09T01:23:33.018Z] ✅ closed  c6250cb5-8251-4198-bf6d-6c311bbcf016  (11 lines, 2 turns)
[2026-05-09T01:23:33.023Z] ✅ closed  c6250cb5-8251-4198-bf6d-6c311bbcf016  (11 lines, 2 turns)
[2026-05-09T01:23:33.029Z] ✅ closed  85ece81f-59d6-440f-8121-83f35563473d  (289 lines, 64 turns)
[2026-05-09T01:23:33.108Z] ✅ closed  85ece81f-59d6-440f-8121-83f35563473d  (289 lines, 64 turns)
[2026-05-09T01:23:33.114Z] ✅ closed  30ac60fa-c5f9-4a3f-bdbd-8b17689ae312  (630 lines, 135 turns)
[2026-05-09T01:23:33.125Z] ✅ closed  30ac60fa-c5f9-4a3f-bdbd-8b17689ae312  (630 lines, 135 turns)
[2026-05-09T01:23:33.142Z] ✅ closed  54cd9cad-bbd1-4759-9e5a-4e1e03dbc722  (5236 lines, 1761 turns)
[2026-05-09T01:23:33.156Z] ✅ closed  54cd9cad-bbd1-4759-9e5a-4e1e03dbc722  (5236 lines, 1761 turns)
[2026-05-09T01:23:33.156Z] Poll: 26 session(s) updated (26 total).
[2026-05-09T01:33:11.039Z] session-watcher: one-shot pass
[2026-05-09T01:33:11.051Z] 🔄 auto-migrated 15a412d0-4186-4407-bafb-7d74094a88e2 (71055443 → eccd2abd)
[2026-05-09T01:33:11.053Z] 🔄 Auto-migration: 1 orphaned session(s) copied to workspace-file hash.
[2026-05-09T01:33:11.166Z] 🔴 live  15a412d0-4186-4407-bafb-7d74094a88e2  (1141 lines, 231 turns)
[2026-05-09T01:33:11.271Z] ✅ closed  15a412d0-4186-4407-bafb-7d74094a88e2  (1141 lines, 231 turns)
[2026-05-09T01:33:11.414Z] ✅ closed  2b2dfd13-5eee-4a21-8494-2c6d6dae6dc8  (30577 lines, 6328 turns)
[2026-05-09T01:33:11.425Z] ✅ closed  f45c481e-0a0b-4e72-936b-700406a8f359  (1952 lines, 407 turns)
[2026-05-09T01:33:11.435Z] ✅ closed  1996a5d8-1d7e-4334-83d7-d11efba77cbc  (1865 lines, 370 turns)
[2026-05-09T01:33:11.442Z] ✅ closed  7592984a-a7f4-486a-9199-0d112ec1bfc4  (877 lines, 176 turns)
[2026-05-09T01:33:11.448Z] ✅ closed  7592984a-a7f4-486a-9199-0d112ec1bfc4  (877 lines, 176 turns)
[2026-05-09T01:33:11.453Z] ✅ closed  8148fe61-004d-42ac-9088-528edae4e92b  (1 lines, 0 turns)
[2026-05-09T01:33:11.457Z] ✅ closed  8148fe61-004d-42ac-9088-528edae4e92b  (1 lines, 0 turns)
[2026-05-09T01:33:11.503Z] ✅ closed  898c7571-8c50-4e43-b6ef-a124473bb012  (17214 lines, 3598 turns)
[2026-05-09T01:33:11.544Z] ✅ closed  898c7571-8c50-4e43-b6ef-a124473bb012  (17214 lines, 3598 turns)
[2026-05-09T01:33:11.551Z] ✅ closed  aa4fe4b5-5b21-4e03-96db-0abcda07f1c1  (982 lines, 208 turns)
[2026-05-09T01:33:11.557Z] ✅ closed  aa4fe4b5-5b21-4e03-96db-0abcda07f1c1  (982 lines, 208 turns)
[2026-05-09T01:33:11.562Z] ✅ closed  cdaeb5b1-4c3a-437f-a7e1-49ad848308f8  (414 lines, 83 turns)
[2026-05-09T01:33:11.569Z] ✅ closed  cdaeb5b1-4c3a-437f-a7e1-49ad848308f8  (414 lines, 83 turns)
[2026-05-09T01:33:11.615Z] ✅ closed  79682e02-d0ce-4b47-b9ce-9de191f62f77  (22633 lines, 4629 turns)
[2026-05-09T01:33:11.662Z] ✅ closed  79682e02-d0ce-4b47-b9ce-9de191f62f77  (22633 lines, 4629 turns)
[2026-05-09T01:33:11.668Z] ✅ closed  7961b8ed-3cd1-4253-b067-8f742e045f3f  (295 lines, 55 turns)
[2026-05-09T01:33:11.674Z] ✅ closed  7961b8ed-3cd1-4253-b067-8f742e045f3f  (295 lines, 55 turns)
[2026-05-09T01:33:11.679Z] ✅ closed  c6250cb5-8251-4198-bf6d-6c311bbcf016  (11 lines, 2 turns)
[2026-05-09T01:33:11.685Z] ✅ closed  c6250cb5-8251-4198-bf6d-6c311bbcf016  (11 lines, 2 turns)
[2026-05-09T01:33:11.691Z] ✅ closed  85ece81f-59d6-440f-8121-83f35563473d  (289 lines, 64 turns)
[2026-05-09T01:33:11.696Z] ✅ closed  85ece81f-59d6-440f-8121-83f35563473d  (289 lines, 64 turns)
[2026-05-09T01:33:11.702Z] ✅ closed  30ac60fa-c5f9-4a3f-bdbd-8b17689ae312  (630 lines, 135 turns)
[2026-05-09T01:33:11.708Z] ✅ closed  30ac60fa-c5f9-4a3f-bdbd-8b17689ae312  (630 lines, 135 turns)
[2026-05-09T01:33:11.720Z] ✅ closed  54cd9cad-bbd1-4759-9e5a-4e1e03dbc722  (5236 lines, 1761 turns)
[2026-05-09T01:33:11.734Z] ✅ closed  54cd9cad-bbd1-4759-9e5a-4e1e03dbc722  (5236 lines, 1761 turns)
[2026-05-09T01:33:11.734Z] Poll: 27 session(s) updated (27 total).
